// Jest Snapshot v1, https://goo.gl/fbAQLP

exports[`ShareService getSharedSummary should return a shared summary 1`] = `
{
  "data": {},
  "dates": [
    "2023-04-02",
    "2023-04-03",
    "2023-04-04",
    "2023-04-05",
    "2023-04-06",
    "2023-04-07",
    "2023-04-08",
    "2023-04-09",
    "2023-04-10",
    "2023-04-11",
    "2023-04-12",
    "2023-04-13",
  ],
  "totalDays": 12,
  "user": "Test User",
}
`;
