// Jest Snapshot v1, https://goo.gl/fbAQLP

exports[`SummaryService getUserSummary should return a user summary 1`] = `
{
  "data": {
    "2023-04-12T00:00:00.000Z": {
      "breakfast": [
        "food_1",
      ],
      "dinner": undefined,
      "lunch": [
        "food_3",
      ],
      "snack_1": [
        "food_2",
      ],
      "snack_2": [
        "food_4",
      ],
    },
  },
  "dates": [
    "2023-04-11T00:00:00.000Z",
    "2023-04-12T00:00:00.000Z",
  ],
  "totalDays": 2,
}
`;
